Qlf, Qlf, Qlf, Qlf, Ql, Ql, Xos, Xos, Xos, Xos, Cud, Cud, Urb^Edb, Urb, Urb, Xos, Xos, Xos, Xos, Xu, Xu, Xu, Xu, Xu, Xu, Xu, Xu, Xu, Xu, Xu, Xu, Xu, Xu, Xu, Xu, Xu, Xu, Xu, Xu, Xu, Xu, Xu, Xu, Xu, Xu, Xu, Xu, Xu, Xu, Xu, Xu, Xu
Qxu^Bs\, Ql, Ql, Ql, Qlf, Ias, Ias, Xos, Xos, Cud, Kud, Urb^Edb, Urb, Urb, Urb, Urb, Urb, Xos, Xos, Xos, Xu, Xu, Xu, Xu, Xu, Xu, Xu, Xu, Xu, Xu, Xu, Xu, Xu, Xu, Uh, Xu, Uu, Xu, Xu, Xu, Xu, Xu, Xu, Xu, Xu, Xu, Xu, Xu, Xu, Xu, Xu, Xu
Ql, Qxu^Bs\, Qxu^Bs\, Qlf, Qlf, Ias, Ias, Xos, Xos, Cud, Cud, Uu, Uu, Uu, Uu, Urb, Urb, Urb, Cud, Xos, Xuc, Xu, Xu, Xu, Xu, Xu, Xu, Xu, Xu, Xu, Xu, Xu, Uh, Uh, Uh, Uh, Uh, Uh, Uh, Uh, Uh, Uh, Uh, Xu, Xu, Xu, Xu, Xu, Xu, Xu, Xu, Xu
Ql, Ql, Qlf, Qxu^Bs\, Ias, Ias, Ias, Xos, Xos, Xos, Xos, Cud, Cud, Uu, Urb^Edb, Uu, Urb, Urb^Ebn, Cud, Xuc, Xuc, Xuc, Xu, Xu, Xu, Xu, Xu, Xu, Xu, Uh, Uh, Uh, Rb, Rb, Rb, Rb, Rb, Rb, Uh, Rb, Rb, Rb, Uh, Xu, Xu, Xu, Xu, Xu, Xu, Xu, Xu, Xu
Qlf, Qlf, Ias, Ias, Ias, Ias, Ias, Ias, Ias, Xos, Xos, Xos, Xos, Urb, Urb, Urb^Edb, Urb, Urb^Edb, Urb, Cud, Cud, Xuc, Xuc, Xu, Xu, Xu, Xu, Xu, Uh, Uh, Rb, Ur, Rb, Ur, Uu, Ur, Xu, Uh, Xu, Xu, Xu, Uh, Xu, Xu, Xu, Xu, Xu, Xu, Ur, Xu, Xu, Xu
Ql, Qlf, Qlf, Ias, Ias, Ias, Ias, Ias, Ias, Ias, Ias, Xos, Urb, Urb, Urb, Urb, Urb^Edb, Urb^Edb, Urb, Urb^Ebn, Cud, Cud, Xuc, Xu, Xu, Xu, Uh, Uh, Rb, Rb, Ur, Xu, Xu, Xu, Xu, Xu, Xu, Xu, Xu, Xu, Xu, Xu, Xu, Xu, Xu, Xu, Uu, Rb, Uh, Xu, Xu, Xu
Ql, Ql, Qlf, Qlf, Ias, Ias, Ias, Ias, 2 Ias, Ias, Ias, Ias, Urb, Urb, Urb^Edb, Urb^Edb, Uu, Uu, Urb, Urb, Xuc, Xuc, Xuc, Xu, Xu, Xu, Uh, Rb, Ur, Ur, Rb, Xu, Xu, Xu, Xu, Xu, Uh, Xu, Uh, Uh, Uh, Uh, Uh, Xu, Xu, Xu, Ur, Rb, Uh, Xu, Xu, Xu
Qlf, Qlf, Ias, Ias, Uu, Ias, Ias, Ias, Uu, Ias, Ias, Ias, Urb^Edb, Urb^Edb, Urb, Urb, Urb^Es, Urb^Edb, Urb, Urb, Xuc, Xuc, Xu, Xu, Xu, Uh, Ur, Ur, Rb, Rb, Uh, Xu, Xu, Xu, Uu, Uh, Uu, Uh, Ur, Rb, Rb, Rb, Xu, Xu, Uu, Uh, Ur, Rb, Uh, Xu, Xu, Xu
Qlf, Qlf, Ias, Ias, Xos, Xos, Ias, Uu, Ias, Uu, Ias, Ias, Ias, Urb^Edb, Urb^Edb, Urb, Urb, Urb^Edb, Ur^Edb, Urb, Ur, Xuc, Xu, Xu, Xu, Uh, Ur, Ur, Rb, Rb, Uh, Xu, Xu, Uu, Ur, Ur, Rb, Ur, Ur, Rb, Uu, Xu, Xu, Xu, Uh, Uh, Rb, Rb, Uh, Xu, Xu, Xu
Ql, Qlf, Ias, Ias, Xos, Xos, Ias, Ias, Ias, Ias, Ias, Ias, Xos, Xos, Urb^Es, Urb, Urb, Urb, Ur^Es, Ur^Edb, Ur, Xuc, Xu, Xu, Xu, Uu, Uu, Ur, Rb, Uu, Uh, Xu, Xu, Uu, Ur, Rb, Ur, Ur, Uu, Uu, Xu, Xu, Xu, Uh, Uu, Ur, Rb, Uu, Uu^Vu, Xu, Xu, Xu
Ql, Qlf, Ias, Ias, Xos, Xos, Ias, Ias, Ias, Ias, Xos, Xos, Xos, Xos, Urb^Edb, Urb^Edb, Urb, Urb, Urb, Ur^Edb, Ur, Uu^Ebn, Xu, Xu, Xu, Uu, Ur, Ur, Rb, Uu, Xu, Xu, Xu, Uu, Uu, Rb, Ur, Uu, Uu, Uu, Xu, Xu, Uu, Uh, Rb, Rb, Uh, Uu, Xu, Xu, Xu, Xu
Ql, Qlf, Ql, Qxu^Bs\, Qxu^Bs\, Xos, Qlf, Qlf, Qxu^Bs/, Ias, Xos, Xos, Cud, Cud, Cud, Urb, Urb^Edb, Urb^Edb, Ur, Ur^Edb, Ur, Uue, Xu, Uu, Uu, Xu, Xu, Xu, Xu, Xu, Xu, Xu, Xu, Xu, Uu, Rb, Rb, Uu, Xu, Xu, Xu, Xu, Uh, Rb, Rb, Ur, Uh, Xu, Xu, Xu, Xu, Xu
Xu, Ql, Ql, Qlf, Qlf, Qxu^Bs\, Uue, Qxu^Bs/, Ql, Ql, Ql, Xos, Cud, Kud, Cud, Urb^Ebn, Urb, Ur, Xuc, Uu, Uue, Uh, Xu, Uu, Rb, Rb, Ur, Ur, Ur, Rb, Uu^Vu, Xu, Xu, Xu, Rb, Rb, Ur, Ur, Xu, Xu, Xu, Uu, Uh, Ur, Rb, Ur, Uu, Xu, Xu, Xu, Xu, Xu
Xu, Xu, Xos, Ql, Ql, Ql, Qlf, Qlf, Qlf, Qlf, Xos, Xos, Cud, Cud, Xuc, Cud, Xuc, Xuc, Xu, Xuc, Xu, Uu^Ebn, Xu, Uu, Uh, Uu, Rb, Ur, Rb, Rb, Uu, Xu^Efs, Ur, Rb, Rb, Rb, Uu, Uu, Xu, Xu, Xu, Xu, Xu, Uh, Rb, Rb, Ur, Xu, Xu, Xu, Xu, Xu
Xu, Xos, Xos, Xos, Xos, Qlf, Xos, Xos, Xos, Xos, Xos, Xos, Xos, Xuc, Xuc, Xuc, Xu, Xu, Xu, Xu, Xu, Xu^Efs, Uh, Uh, Rb, Rb, Rb, Rb, Ur, Rb, Rb, Xu, Xu, Rb, Uu, Uu, Xu, Xu, Xu, Xu, Xu, Xu, Xu, Xu, Uh, Ur, Uu, Uu, Xu, Xu, Xu, Xu
Xu, Xos, Xos, Xos, Xos, Xos, Xos, Xos, Xos, Xos, Xos, Xos, Xu, Xuc, Xu, Xu, Xu, Xu, Xu, Xu, Uu, Uh, Rb, Rb, Uu, Uu, Ur, Ur, Rb, Rb, Ur, Ur, Xu, Xu, Xu, Xu, Xu, Xu, Xu, Uu^Vu, Rb, Xu, Rb, Uh, Uh, Uh, Xu, Xu, Xu, Xu, Xu, Xu
Xu, Xos, Xos, Xos, Xos, Xos, Xu, Xos, Xu, Xu, Xu, Xu, Xu, Xu, Xu, Xu, Xu, Xu, Uu, Rb, Rb, Rb, Ur, Ur, Ur, Ur, Ur, Ur, Rb, Rb, Uu, Xu, Xu, Xu, Xu, Xu^Efs, Xu, Xu, Uh, Uu, Rb, Rb, Rb, Uh, Xu, Xu, Xu, Xu, Xu, Xu, Xu, Xu
Xu, Xu, Xu, Xos, Xu, Xu, Xu, Xu, Xu, Xu, Xu, Xu, Xu, Xu, Uu, Xu, Rb, Ur, Uh, Rb, Uu, Ur, Rb, Rb, Rb, Ur, Ur, Rb, Uu, Uu, Xu, Xu, Xu, Xu, Uh, Uu, Ur, Uh, Ur, Ur, Ur, Rb, Uu, Uu, Xu, Xu, Xu, Xu, Xu, Xu, Xu, Xu
Xu, Xu, Xu, Xu, Xu, Xu, Xu, Xu, Xu, Xu, Uh, Uh, Uh, Rb, Rb, Xu, Xu, Xu, Xu, Xu, Xu, Xu, Xu, Rb, Uu, Uu, Ur, Rb, Rb, Uu, Xu, Xu, Xu, Xu, Uh, Ur, Ur, Ur, Uu, Uu, Ur, Ur, Ur, Uu, Xu, Xu, Xu, Xu, Xu, Xu, Xu, Xu
Xu, Xu, Xu, Xu, Xu, Xu, Uh, Xu, Rb, Uh, Rb, Uh, Uu, Ur, Xu, Uu^Vu, Xu, Xu, Xu, Xu, Ur, Rb, Uu, Xu, Xu, Uu, Ur, Ur, Uu, Xu, Xu, Xu, Xu, Uh, Uh, Ur, Ur, Uu, Xu, Uu, Uu, Uh, Ur, Xu^Efs, Rb, Xu, Uh, Xu, Xu, Xu, Xu, Xu
Xu, Xu, Xu, Xu, Xu, Uh, Ur, Rb, Rb, Rb, Xu, Xu, Xu, Xu, Xu, Xu, Xu, Xu, Uu, Uu, Rb, Rb, Xu, Xu, Xu, Xu, Uu, Ur, Ur, Uu, Uu, Xu^Efs, Ur, Uu, Ur, Ur, Ur, Uu, Xu, Xu, Xu, Uh, Ur, Ur, Uu, Rb, Uh, Uh, Xu, Xu, Xu, Xu
Xu, Xu, Xu, Xu, Uh, Uh, Ur, Rb, Xu, Xu, Ur, Ur, Xu, Xu, Xu, Xu, Xu, Xu, Uu, Ur, Ur, Uu, Xu, Xu, Xu, Xu, Uu, Ur, Rb, Ur, Uh, Ur, Uh, Ur, Ur, Ur, Ur, Uh, Uh, Xu, Xu, Uh, Uh, Uu, Xu^Efs, Uu, Uh, Uu, Xu, Xu, Xu, Xu
Xu, Xu, Xu, Uh, Rb, Ur, Rb, Ur, Rb, Rb, Xu, Xu, Uh, Xu, Xu, Xu, Uh, Uu, Ur, Ur, Uu, Xu, Xu, Xu, Xu, Uu, Ur, Ur, Ur, Rb, Uh, Uh, Xu, Uh, Uh, Uu, Xu, Xu, Xu, Uu^Vu, Xu, Xu, Xu, Xu, Uu, Uu, Uh, Uu, Uu, Xu, Xu, Xu
Xu, Xu, Xu, Uu, Xu, Rb, Uu, Rb, Xu, Xu, Xu, Uh, Uh, Xu, Ur, Uh, Ur, Ur, Ur, Uu, Xu, Xu, Xu, Xu, Uu^Vu, Ur, Rb, Rb, Uh, Uu, Xu, Xu, Xu, Xu, Xu, Xu, Xu, Xu, Xu, Xu, Xu, Xu, Xu, Uu, Uu, Uh, Ur, Ur, Ur, Uu^Vu, Xu, Xu
Xu, Xu, Xu, Xu, Xu, Xu, Xu, Xu, Xu, Xu, Ur, Uu, Ur, Ur, Rb, Ur, Uu, Ur, Uu, Rb, Uu^Vu, Xu, Xu, Xu, Uu, Rb, Rb, Uh, Xu, Xu, Xu, Xu, Xu, Xu, Uu, Xu, Rb, Xu, Qxua, Xu, Xu, Xu, Xu, Xu, Xu, Uu, Uu, Ur, Ur, Ur, Uh, Xu
Xu, Xu, Xu, Xu, Xu, Xu, Xu, Xu, Ur, Ur, Ur, Ur, Uu, Rb, Xu, Uu, Xu, Xu, Xu, Rb, Rb, Xu, Xu, Xu, Uh, Rb, Ur, Xu, Xu, Xu, Xu, Xu, Uu, Re, Re, Rb, Qxu, Qxu, Qxu, Xu, Xu, Xu, Qxu, Xu, Xu, Xu, Xu, Xu^Efs, Rb, Ur, Uh, Xu
Xu, Xu, Uu, Uu, Ur, Uu, Ur, Ur, Uu, Uu, Xu, Xu, Xu, Xu, Xu, Xu, Xu, Xu, Uu, Ur, Ur, Xu, Xu, Xu, Uu, Uh, Ur, Xu, Xu, Xu, Xu, Uu, Rb, Re, Qxua, Qxu, Qxu, Qxu, Rb, Uh, Qxu^Bp\, Qxu, Qxu, Qxu, Qxua, Xu, Rb, Rb, Rb, Rb, Xu, Xu
Xu, Xu, Xu, Uu, Uh, Ur, Rb, Rb, Uu, Xu, Xu, Xu, Xu, Xu, Xu, Xu, Uu, Uu, Rb, Ur, Ur, Uu, Xu, Xu, Xu, Uh, Ur, Uu, Xu, Xu, Xu, Uu, Rb, Uu, Xu, Xu, Xu, Qxua, Uu^Vu, Qxua, Qxu, Qxu^Bp\, Qxu^Bp\, Qxu, Ur, Ur, Ur, Ur, Rb, Rb, Xu, Xu
Xu, Xu, Xu, Uu, Uu, Uh, Uh, Uh, Uu, Uu^Vu, Uh, Uh, Uh, Uh, Ur, Rb, Ur, Ur, Ur, Ur, Ur, Uu, Uu, Xu, Xu, Uh, Uh, Ur, Uu, Xu, Xu, Uu, Uu, Re, Re, Xu, Xu, Xu, Xu, Xu, Xu, Qxua, Uu, Ur, Ur, Ur, Uh, Uh, Xu, Xu, Xu, Xu
Xu, Xu, Xu, Uu, Rb, Rb, Ur, Ur, Ur, Ur, Ur, Ur, Ur, Ur, Ur, Ur, Xu, Uu, Rb, Ur, Uh, Uh, Xu, Xu, Xu, Xu, Uu, Rb, Uu, Xu, Xu, Xu, Uu, Rb, Re, Rb, Uu, Uu, Rb, Xu, Xu, Xu, Xu, Rb, Uu, Ur, Uu, Uh, Xu, Xu, Xu, Xu
Xu, Xu, Uh, Uh, Rb, Rb, Ur, Rb, Uu, Rb, Uu, Uu, Xu, Uu, Xu, Xu, Uh, Uh, Uh, Uh, Xu, Xu, Xu, Xu, Xu, Xu, Rb, Rb, Ur, Uh, Xu, Xu, Xu, Uu, Re, Ur, Rb, Re, Rb, Uu, Xu, Xu, Xu, Xu, Rb, Ur, Ur, Xu, Uu, Xu, Xu, Xu
Xu, Xu, Uh, Uh, Ur, Ur, Uh, Uu, Xu, Xu, Xu, Xu, Xu, Xu, Xu, Uh, Xu, Uu, Xu, Xu, Xu, Xu, Xu, Xu, Rb, Rb, Rb, Ur, Ur, Uh, Uu, Xu, Xu, Xu, Xu, Rb, Rb, Uu, Uu, Uu, Xu, Xu, Xu, Uh, Uu, Ur, Ur, Uh, Uh, Xu, Xu, Xu
Xu, Xu, Uh, Uh, Ur, Uu, Uh, Uh, Xu, Xu, Uh, Xu, Uu, Xu, Xu, Xu, Xu, Xu, Xu, Xu, Xu, Xu, Xu, Xu, Rb, Rb, Ur, Ur, Uh, Uh, Xu, Xu, Xu, Xu, Xu, Uu, Re, Rb, Rb, Uu, Xu, Xu, Xu, Uu^Vu, Xu, Ur, Ur, Rb, Uh, Uu, Xu, Xu
Xu, Xu, Uh, Uh, Rb, Uh, Xu, Xu, Xu, Uh, Rb, Uu, Rb, Rb, Ur, Xu, Uu, Xu, Uu, Xu, Ur, Uu^Vu, Ur, Ur, Rb, Uu, Xu, Uh, Xu, Xu, Xu, Xu, Xu, Xu, Xu, Uu, Rb, Re, Uu, Xu, Xu, Xu, Xu, Xu, Uu, Ur, Ur, Uu, Xu, Xu, Xu, Xu
Xu, Xu, Uh, Rb, Rb, Uh, Xu, Xu, Xu, Ur, Rb, Rb, Ur, Ur, Rb, Ur, Ur, Ur, Ur, Ur, Ur, Ur, Rb, Rb, Xu, Xu, Xu, Xu, Xu, Xu, Xu, Xu, Xu, Xu, Xu, Xu, Rb, Re, Xu, Xu, Xu, Xu, Uh, Uh, Ur, Ur, Uu, Xu, Uu, Xu, Xu, Xu
Xu, Xu, Uh, Uh, Uh, Uh, Xu, Xu, Xu, Uu, Uh, Rb, Uh, Ur, Uh, Rb, Rb, Rb, Rb, Rb, Uh, Ur, Uh, Uu, Xu, Xu, Xu, Xu, Xu, Xu, Xu, Xu, Xu, Xu, Xu, Xu, Rb, Rb, Xu, Xu, Xu, Xu, Uh, Rb, Ur, 1 Ur, Uu, Uu, Uu, Xu, Xu, Xu
Xu, Xu, Xu, Uh, Xu, Uu, Xu, Xu, Xu, Uh, Xu, Uh, Xu, Xu, Xu, Xu, Xu, Uu, Xu, Uu, Xu, Uh, Xu, Xu, Xu, Xu, Xu, Xu, Xu, Xu, Xu, Xu, Xu, Xu, Xu, Xu, Xu, Xu, Xu, Xu, Xu, Xu, Uh, Uu, Ur, Rb, Uu, Xu, Xu, Xu, Xu, Xu
Xu, Xu, Xu, Xu, Xu, Xu, Xu, Xu, Xu, Xu, Xu, Xu, Xu, Xu, Xu, Xu, Xu, Xu, Xu, Xu, Xu, Xu, Xu, Xu, Xu, Xu, Xu, Xu, Xu, Xu, Xu, Xu, Xu, Xu, Xu, Xu, Xu, Xu, Xu, Xu, Xu, Xu, Xu, Uu, Ur, Ur, Uu, Xu, Xu, Xu, Xu, Xu
